2026-04-24 18:25:16,066 - app.main - INFO - Database initialized
2026-04-24 18:25:16,067 - app.main - INFO - API docs: http://localhost:8000/docs
2026-04-24 18:25:16,068 - app.main - INFO - Frontend expected at: http://localhost:3000
2026-04-24 18:31:27,001 - app.main - INFO - Database initialized
2026-04-24 18:31:27,002 - app.main - INFO - API docs: http://localhost:8000/docs
2026-04-24 18:31:27,003 - app.main - INFO - Frontend expected at: http://localhost:3000
